// Vitest Snapshot v1, https://vitest.dev/guide/snapshot.html

exports[`advanced generator > is deterministic with a fixed seed 1`] = `
[
  {
    "degreeLabel": "I",
    "durationClass": "full",
    "midi": [
      55,
      60,
      64,
      71,
    ],
    "notes": [
      "G3",
      "C4",
      "E4",
      "B4",
    ],
    "roles": [
      "bass",
      "chordTone",
      "chordTone",
      "chordTone",
    ],
    "symbol": "Cmaj7",
  },
  {
    "degreeLabel": "ii",
    "durationClass": "full",
    "midi": [
      57,
      62,
      65,
      72,
    ],
    "notes": [
      "A3",
      "D4",
      "F4",
      "C5",
    ],
    "roles": [
      "bass",
      "chordTone",
      "chordTone",
      "chordTone",
    ],
    "symbol": "Dm7",
  },
  {
    "degreeLabel": "V/vi(sus4)",
    "durationClass": "quarter",
    "midi": [
      52,
      62,
      69,
    ],
    "notes": [
      "E3",
      "D4",
      "A4",
    ],
    "roles": [
      "bass",
      "chordTone",
      "extension",
    ],
    "symbol": "E7sus4",
  },
  {
    "degreeLabel": "V/vi",
    "durationClass": "half",
    "midi": [
      52,
      59,
      62,
      68,
    ],
    "notes": [
      "E3",
      "B3",
      "D4",
      "G#4",
    ],
    "roles": [
      "bass",
      "chordTone",
      "chordTone",
      "chordTone",
    ],
    "symbol": "E7",
  },
]
`;
