// Vitest Snapshot v1, https://vitest.dev/guide/snapshot.html

exports[`advanced generator > is deterministic with a fixed seed 1`] = `
[
  {
    "degreeLabel": "I",
    "durationClass": "full",
    "midi": [
      48,
      55,
      59,
      64,
    ],
    "notes": [
      "C3",
      "G3",
      "B3",
      "E4",
    ],
    "roles": [
      "bass",
      "chordTone",
      "chordTone",
      "chordTone",
    ],
    "symbol": "Cmaj7",
  },
  {
    "degreeLabel": "ii",
    "durationClass": "full",
    "midi": [
      48,
      53,
      57,
      62,
    ],
    "notes": [
      "C3",
      "F3",
      "A3",
      "D4",
    ],
    "roles": [
      "bass",
      "chordTone",
      "chordTone",
      "chordTone",
    ],
    "symbol": "Dm7",
  },
  {
    "degreeLabel": "V/vi(sus4)",
    "durationClass": "quarter",
    "midi": [
      50,
      57,
      64,
    ],
    "notes": [
      "D3",
      "A3",
      "E4",
    ],
    "roles": [
      "bass",
      "extension",
      "chordTone",
    ],
    "symbol": "E7sus4",
  },
  {
    "degreeLabel": "I",
    "durationClass": "full",
    "midi": [
      50,
      59,
      60,
      64,
    ],
    "notes": [
      "D3",
      "B3",
      "C4",
      "E4",
    ],
    "roles": [
      "bass",
      "chordTone",
      "chordTone",
      "chordTone",
    ],
    "symbol": "Cmaj7(9)",
  },
]
`;
