// Vitest Snapshot v1, https://vitest.dev/guide/snapshot.html

exports[`advanced generator > is deterministic with a fixed seed 1`] = `
[
  {
    "bass": "C",
    "degreeLabel": "I",
    "durationClass": "full",
    "inversion": 0,
    "midi": [
      48,
      55,
      59,
      64,
    ],
    "notes": [
      "C3",
      "G3",
      "B3",
      "E4",
    ],
    "roles": [
      "bass",
      "chordTone",
      "chordTone",
      "chordTone",
    ],
    "symbol": "Cmaj7",
  },
  {
    "bass": "D",
    "degreeLabel": "ii",
    "durationClass": "full",
    "inversion": 0,
    "midi": [
      50,
      57,
      60,
      65,
    ],
    "notes": [
      "D3",
      "A3",
      "C4",
      "F4",
    ],
    "roles": [
      "bass",
      "chordTone",
      "chordTone",
      "chordTone",
    ],
    "symbol": "Dm7",
  },
  {
    "bass": "G",
    "degreeLabel": "V(sus4)",
    "durationClass": "quarter",
    "inversion": 0,
    "midi": [
      55,
      65,
      72,
    ],
    "notes": [
      "G3",
      "F4",
      "C5",
    ],
    "roles": [
      "bass",
      "chordTone",
      "extension",
    ],
    "symbol": "G7sus4",
  },
  {
    "bass": "E",
    "degreeLabel": "I",
    "durationClass": "full",
    "inversion": 1,
    "midi": [
      52,
      60,
      62,
      71,
    ],
    "notes": [
      "E3",
      "C4",
      "D4",
      "B4",
    ],
    "roles": [
      "bass",
      "chordTone",
      "extension",
      "chordTone",
    ],
    "symbol": "Cmaj7(9)",
  },
]
`;
